v:     v0.1
I (356) efuse_init: Max chip rev:     v1.99 
I (360) efuse_init: Chip rev:         v1.3
I (364) heap_init: Initializing. RAM available for dynamic allocation:
I (370) heap_init: At 4FF10AC0 len 0002A500 (169 KiB): RAM
I (375) heap_init: At 4FF3AFC0 len 00004BF0 (18 KiB): RAM
I (380) heap_init: At 4FF40000 len 00060000 (384 KiB): RAM
I (386) heap_init: At 50108080 len 00007F80 (31 KiB): RTCRAM
I (391) heap_init: At 30100044 len 00001FBC (7 KiB): TCM
I (397) spi_flash: detected chip: generic
W (400) spi_flash: Detected flash size > 16 MB, but access beyond 16 MB is not supported for this flash model yet.
I (410) spi_flash: flash io: dio
I (413) main_task: Started on CPU0
I (416) main_task: Calling app_main()

TFLM ESP32-P4-Function-EV MNIST CNN float32 benchmark
  backend:     tflm reference float32 (MCU ESP32P4 FPU)
  model bytes: 903172
  arena bytes: 262144
  images:      10 per run
  runs:        10 (discard first invoke each run)
  sysclk:      360000000 Hz
ESP-ROM:esp32p4-eco2-20240710
Build:Jul 10 2024
rst:0x1 (POWERON),boot:0x30f (SPI_FAST_FLASH_BOOT)
SPI mode:DIO, clock div:1
load:0x4ff33ce0,len:0x15f0
load:0x4ff2abd0,len:0xd84
load:0x4ff2cbd0,len:0x3310
entry 0x4ff2abd0
I (25) boot: ESP-IDF 5.4.2 2nd stage bootloader
I (26) boot: compile time Jul 23 2026 14:36:12
I (26) boot: Multicore bootloader
I (27) boot: chip revision: v1.3
I (29) boot: efuse block revision: v0.3
I (32) boot.esp32p4: SPI Speed      : 80MHz
I (36) boot.esp32p4: SPI Mode       : DIO
I (40) boot.esp32p4: SPI Flash Size : 32MB
I (44) boot: Enabling RNG early entropy source...
I (48) boot: Partition Table:
I (51) boot: ## Label            Usage          Type ST Offset   Length
I (57) boot:  0 nvs              WiFi data        01 02 00009000 00006000
I (63) boot:  1 phy_init         RF data          01 01 0000f000 00001000
I (70) boot:  2 factory          factory app      00 00 00010000 00400000
I (78) boot: End of partition table
I (80) esp_image: segment 0: paddr=00010020 vaddr=40030020 size=f1348h (987976) map
I (252) esp_image: segment 1: paddr=00101370 vaddr=30100000 size=00044h (    68) load
I (254) esp_image: segment 2: paddr=001013bc vaddr=4ff00000 size=0d72ch ( 55084) load
I (268) esp_image: segment 3: paddr=0010eaf0 vaddr=4ff0d780 size=01528h (  5416) load
I (271) esp_image: segment 4: paddr=00110020 vaddr=40000020 size=29124h (168228) map
I (301) esp_image: segment 5: paddr=0013914c vaddr=4ff0eca8 size=006cch (  1740) load
I (305) boot: Loaded app from partition at offset 0x10000
I (306) boot: Disabling RNG early entropy source...
I (318) cpu_start: Multicore app
I (328) cpu_start: Pro cpu start user code
I (328) cpu_start: cpu freq: 360000000 Hz
I (328) app_init: Application information:
I (328) app_init: Project name:     mnist_cnn_tflm_esp32_p4_ev
I (334) app_init: App version:      v0.1-136-ga81ee1902-dirty
I (339) app_init: Compile time:     Jul 23 2026 14:35:56
I (344) app_init: ELF file SHA256:  85b8b97ae...
I (348) app_init: ESP-IDF:          5.4.2
I (352) efuse_init: Min chip rev:     v0.1
I (356) efuse_init: Max chip rev:     v1.99 
I (360) efuse_init: Chip rev:         v1.3
I (364) heap_init: Initializing. RAM available for dynamic allocation:
I (370) heap_init: At 4FF10AC0 len 0002A500 (169 KiB): RAM
I (375) heap_init: At 4FF3AFC0 len 00004BF0 (18 KiB): RAM
I (380) heap_init: At 4FF40000 len 00060000 (384 KiB): RAM
I (386) heap_init: At 50108080 len 00007F80 (31 KiB): RTCRAM
I (391) heap_init: At 30100044 len 00001FBC (7 KiB): TCM
I (397) spi_flash: detected chip: generic
W (400) spi_flash: Detected flash size > 16 MB, but access beyond 16 MB is not supported for this flash model yet.
I (410) spi_flash: flash io: dio
I (413) main_task: Started on CPU0
I (416) main_task: Calling app_main()

TFLM ESP32-P4-Function-EV MNIST CNN float32 benchmark
  backend:     tflm reference float32 (MCU ESP32P4 FPU)
  model bytes: 903172
  arena bytes: 262144
  images:      10 per run
  runs:        10 (discard first invoke each run)
  sysclk:      360000000 Hz
  probe:       label=0 pred=0 pred_f=1.0000
DIGIT_SUMMARY runtime=tflm model=cnn_f32 image=0 label=0 pred=0 pred_f=1.0000 ok=1 out_f=1.0000,0.0000,0.0000,0.0000,0.0000,0.0000,0.0000,0.0000,0.0000,0.0000
DIGIT_SUMMARY runtime=tflm model=cnn_f32 image=1 label=1 pred=1 pred_f=1.0000 ok=1 out_f=0.0000,1.0000,0.0000,0.0000,0.0000,0.0000,0.0000,0.0000,0.0000,0.0000
DIGIT_SUMMARY runtime=tflm model=cnn_f32 image=2 label=2 pred=2 pred_f=1.0000 ok=1 out_f=0.0000,0.0000,1.0000,0.0000,0.0000,0.0000,0.0000,0.0000,0.0000,0.0000
DIGIT_SUMMARY runtime=tflm model=cnn_f32 image=3 label=3 pred=3 pred_f=0.9778 ok=1 out_f=0.0000,0.0000,0.0000,0.9778,0.0000,0.0222,0.0000,0.0000,0.0000,0.0000
DIGIT_SUMMARY runtime=tflm model=cnn_f32 image=4 label=4 pred=4 pred_f=1.0000 ok=1 out_f=0.0000,0.0000,0.0000,0.0000,1.0000,0.0000,0.0000,0.0000,0.0000,0.0000
DIGIT_SUMMARY runtime=tflm model=cnn_f32 image=5 label=5 pred=5 pred_f=1.0000 ok=1 out_f=0.0000,0.0000,0.0000,0.0000,0.0000,1.0000,0.0000,0.0000,0.0000,0.0000
DIGIT_SUMMARY runtime=tflm model=cnn_f32 image=6 label=6 pred=6 pred_f=1.0000 ok=1 out_f=0.0000,0.0000,0.0000,0.0000,0.0000,0.0000,1.0000,0.0000,0.0000,0.0000
DIGIT_SUMMARY runtime=tflm model=cnn_f32 image=7 label=7 pred=7 pred_f=1.0000 ok=1 out_f=0.0000,0.0000,0.0000,0.0000,0.0000,0.0000,0.0000,1.0000,0.0000,0.0000
DIGIT_SUMMARY runtime=tflm model=cnn_f32 image=8 label=8 pred=8 pred_f=1.0000 ok=1 out_f=0.0000,0.0000,0.0000,0.0000,0.0000,0.0000,0.0000,0.0000,1.0000,0.0000
DIGIT_SUMMARY runtime=tflm model=cnn_f32 image=9 label=9 pred=9 pred_f=1.0000 ok=1 out_f=0.0000,0.0000,0.0000,0.0000,0.0000,0.0000,0.0000,0.0000,0.0000,1.0000
  accuracy:    10/10 on final run

TFLM MNIST cnn_f32 float32 benchmark summary (reference)
  mean:   166422 us (166.422 ms)
BENCHMARK_SUMMARY runtime=tflm model=cnn_f32 backend=reference-f32 mean_us=166422 runs=10

DONE
I (17421) main_task: Returned from app_main()
