ESP-ROM:esp32p4-eco2-20240710
Build:Jul 10 2024
rst:0x1 (POWERON),boot:0x30f (SPI_FAST_FLASH_BOOT)
SPI mode:DIO, clock div:1
load:0x4ff33ce0,len:0x15f0
load:0x4ff2abd0,len:0xd84
load:0x4ff2cbd0,len:0x3310
entry 0x4ff2abd0
I (25) boot: ESP-IDF 5.4.2 2nd stage bootloader
I (26) boot: compile time Jul 23 2026 13:40:42
I (26) boot: Multicore bootloader
I (27) boot: chip revision: v1.3
I (29) boot: efuse block revision: v0.3
I (32) boot.esp32p4: SPI Speed      : 80MHz
I (36) boot.esp32p4: SPI Mode       : DIO
I (40) boot.esp32p4: SPI Flash Size : 32MB
I (44) boot: Enabling RNG early entropy source...
I (48) boot: Partition Table:
I (51) boot: ## Label            Usage          Type ST Offset   Length
I (57) boot:  0 nvs              WiFi data        01 02 00009000 00006000
I (63) boot:  1 phy_init         RF data          01 01 0000f000 00001000
I (70) boot:  2 factory          factory app      00 00 00010000 00100000
I (78) boot: End of partition table
I (80) esp_image: segment 0: paddr=00010020 vaddr=40030020 size=45b70h (285552) map
I (136) esp_image: segment 1: paddr=00055b98 vaddr=30100000 size=00044h (    68) load
I (138) esp_image: segment 2: paddr=00055be4 vaddr=4ff00000 size=0a434h ( 42036) load
I (149) esp_image: segment 3: paddr=00060020 vaddr=40000020 size=25734h (153396) map
I (176) esp_image: segment 4: paddr=0008575c vaddr=4ff0a434 size=032f8h ( 13048) load
I (180) esp_image: segment 5: paddr=00088a5c vaddr=4ff0d780 size=01bf4h (  7156) load
I (186) boot: Loaded app from partition at offset 0x10000
I (187) boot: Disabling RNG early entropy source...
I (202) cpu_start: Multicore app
I (211) cpu_start: Pro cpu start user code
I (212) cpu_start: cpu freq: 360000000 Hz
I (212) app_init: Application information:
I (212) app_init: Project name:     mnist_cnn_dw_int8_tflm_esp32_p4
I (218) app_init: App version:      v0.1-136-ga81ee1902-dirty
I (223) app_init: Compile time:     Jul 23 2026 13:40:23
I (228) app_init: ELF file SHA256:  50118f49c...
I (232) app_init: ESP-IDF:          5.4.2
I (236) efuse_init: Min chip rev:     v0.1
I (240) efuse_init: Max chip rev:     v1.99 
I (244) efuse_init: Chip rev:         v1.3
I (248) heap_init: Initializing. RAM available for dynamic allocation:
I (254) heap_init: At 4FF28AB0 len 00012510 (73 KiB): RAM
I (259) heap_init: At 4FF3AFC0 len 00004BF0 (18 KiB): RAM
I (264) heap_init: At 4FF40000 len 00060000 (384 KiB): RAM
I (270) heap_init: At 50108080 len 00007F80 (31 KiB): RTCRAM
I (275) heap_init: At 30100044 len 00001FBC (7 KiB): TCM
I (281) spi_flash: detected chip: generic
W (284) spi_flash: Detected flash size > 16 MB, but access beyond 16 MB is not supported for this flash model yet.
I (294) spi_flash: flash io: dio
I (297) main_task: Started on CPU0
I (300) main_task: Calling app_main()

TFLM ESP32-P4-Function-EV MNIST DS-CNN int8 benchmark
  backend:     tflm reference int8 (MCU ESP32P4)
  model bytes: 222904
  input type:  int8 (prequantized test vectors)
  output type: int8
  images:      10 per run
  runs:        10 (discard first invoke each run)
  arena bytes: 98304
  sysclk:      360000000 Hz
  probe:       label=0 pred=0 pred_i8=127 out_i8=127,-128,-128,-128,-128,-128,-128,-128,-128,-128

  per-digit results (final run):
    image  label  pred  pred_i8  ok
        0      0     0      127  yes
DIGIT_SUMMARY runtime=tflm model=cnn_dw_int8 image=0 label=0 pred=0 pred_i8=127 ok=1 out_i8=127,-128,-128,-128,-128,-128,-128,-128,-128,-128
        1      1     1      127  yes
DIGIT_SUMMARY runtime=tflm model=cnn_dw_int8 image=1 label=1 pred=1 pred_i8=127 ok=1 out_i8=-128,127,-128,-128,-128,-128,-128,-128,-128,-128
        2      2     2      127  yes
DIGIT_SUMMARY runtime=tflm model=cnn_dw_int8 image=2 label=2 pred=2 pred_i8=127 ok=1 out_i8=-128,-128,127,-128,-128,-128,-128,-128,-128,-128
        3      3     3       77  yes
DIGIT_SUMMARY runtime=tflm model=cnn_dw_int8 image=3 label=3 pred=3 pred_i8=77 ok=1 out_i8=-128,-128,-127,77,-128,-82,-128,-128,-125,-127
        4      4     4      127  yes
DIGIT_SUMMARY runtime=tflm model=cnn_dw_int8 image=4 label=4 pred=4 pred_i8=127 ok=1 out_i8=-128,-128,-128,-128,127,-128,-128,-128,-128,-128
        5      5     5      127  yes
DIGIT_SUMMARY runtime=tflm model=cnn_dw_int8 image=5 label=5 pred=5 pred_i8=127 ok=1 out_i8=-128,-128,-128,-128,-128,127,-128,-128,-128,-128
        6      6     6      127  yes
DIGIT_SUMMARY runtime=tflm model=cnn_dw_int8 image=6 label=6 pred=6 pred_i8=127 ok=1 out_i8=-128,-128,-128,-128,-128,-128,127,-128,-128,-128
        7      7     7      127  yes
DIGIT_SUMMARY runtime=tflm model=cnn_dw_int8 image=7 label=7 pred=7 pred_i8=127 ok=1 out_i8=-128,-128,-128,-128,-128,-128,-128,127,-128,-128
        8      8     8      127  yes
DIGIT_SUMMARY runtime=tflm model=cnn_dw_int8 image=8 label=8 pred=8 pred_i8=127 ok=1 out_i8=-128,-128,-128,-128,-128,-128,-128,-128,127,-128
        9      9     9      127  yes
DIGIT_SUMMARY runtime=tflm model=cnn_dw_int8 image=9 label=9 pred=9 pred_i8=127 ok=1 out_i8=-128,-128,-128,-128,-128,-128,-128,-128,-128,127
  accuracy:    10/10 on final run

TFLM MNIST cnn_dw int8 benchmark summary (reference)
  method:      10 runs x 10 images, discard first invoke each run
  per-run avg: avg of images 1-9 (us)

  mean:   172040 us (172.040 ms)
BENCHMARK_SUMMARY runtime=tflm model=cnn_dw_int8 backend=reference mean_us=172040 runs=10

DONE
I (17903) main_task: Returned from app_main()
