first invoke each run)
  arena bytes: 98304
  sysclk:      360000000 Hz
  model:       loaded
  probe:       label=0 pred=0 pred_i8=17 out_i8=17,-9,-3,-10,-7,-6,6,-7,1,2
ESP-ROM:esp32p4-eco2-20240710
Build:Jul 10 2024
rst:0x1 (POWERON),boot:0x30f (SPI_FAST_FLASH_BOOT)
SPI mode:DIO, clock div:1
load:0x4ff33ce0,len:0x15f0
load:0x4ff2abd0,len:0xd84
load:0x4ff2cbd0,len:0x3310
entry 0x4ff2abd0
I (25) boot: ESP-IDF 5.4.2 2nd stage bootloader
I (26) boot: compile time Jul 23 2026 13:23:21
I (26) boot: Multicore bootloader
I (27) boot: chip revision: v1.3
I (29) boot: efuse block revision: v0.3
I (32) boot.esp32p4: SPI Speed      : 80MHz
I (36) boot.esp32p4: SPI Mode       : DIO
I (40) boot.esp32p4: SPI Flash Size : 32MB
I (44) boot: Enabling RNG early entropy source...
I (48) boot: Partition Table:
I (51) boot: ## Label            Usage          Type ST Offset   Length
I (57) boot:  0 nvs              WiFi data        01 02 00009000 00006000
I (63) boot:  1 phy_init         RF data          01 01 0000f000 00001000
I (70) boot:  2 factory          factory app      00 00 00010000 00100000
I (78) boot: End of partition table
I (80) esp_image: segment 0: paddr=00010020 vaddr=40030020 size=43030h (274480) map
I (134) esp_image: segment 1: paddr=00053058 vaddr=30100000 size=00044h (    68) load
I (136) esp_image: segment 2: paddr=000530a4 vaddr=4ff00000 size=0cf74h ( 53108) load
I (149) esp_image: segment 3: paddr=00060020 vaddr=40000020 size=246c0h (149184) map
I (176) esp_image: segment 4: paddr=000846e8 vaddr=4ff0cf74 size=007b8h (  1976) load
I (178) esp_image: segment 5: paddr=00084ea8 vaddr=4ff0d780 size=01bf4h (  7156) load
I (185) boot: Loaded app from partition at offset 0x10000
I (185) boot: Disabling RNG early entropy source...
I (201) cpu_start: Multicore app
I (211) cpu_start: Pro cpu start user code
I (211) cpu_start: cpu freq: 360000000 Hz
I (211) app_init: Application information:
I (211) app_init: Project name:     mnist_cnn_dw_int8_esp32_p4_ev
I (216) app_init: App version:      v0.1-136-ga81ee1902-dirty
I (222) app_init: Compile time:     Jul 23 2026 13:23:01
I (227) app_init: ELF file SHA256:  d7d3f0251...
I (231) app_init: ESP-IDF:          5.4.2
I (235) efuse_init: Min chip rev:     v0.1
I (239) efuse_init: Max chip rev:     v1.99 
I (243) efuse_init: Chip rev:         v1.3
I (247) heap_init: Initializing. RAM available for dynamic allocation:
I (253) heap_init: At 4FF10EB0 len 0002A110 (168 KiB): RAM
I (258) heap_init: At 4FF3AFC0 len 00004BF0 (18 KiB): RAM
I (263) heap_init: At 4FF40000 len 00060000 (384 KiB): RAM
I (269) heap_init: At 50108080 len 00007F80 (31 KiB): RTCRAM
I (274) heap_init: At 30100044 len 00001FBC (7 KiB): TCM
I (280) spi_flash: detected chip: generic
W (283) spi_flash: Detected flash size > 16 MB, but access beyond 16 MB is not supported for this flash model yet.
I (293) spi_flash: flash io: dio
I (296) main_task: Started on CPU0
I (299) main_task: Calling app_main()

netkit ESP32-P4-Function-EV MNIST DS-CNN int8 benchmark
  backend:     esp-nn (MCU ESP32P4, interpreter embed)
  weights:     flash (embedded .nk blob)
  dtype:       int8 end-to-end
  classify:    argmax(logits) — final Softmax omitted
  images:      10 per run
  runs:        10 (discard first invoke each run)
  arena bytes: 98304
  sysclk:      360000000 Hz
  model:       loaded
  probe:       label=0 pred=0 pred_i8=17 out_i8=17,-9,-3,-10,-7,-6,6,-7,1,2

  per-digit results (final run):
    image  label  pred  pred_i8  ok
        0      0     0       17  yes
DIGIT_SUMMARY runtime=netkit model=cnn_dw_int8 image=0 label=0 pred=0 pred_i8=17 ok=1 out_i8=17,-9,-3,-10,-7,-6,6,-7,1,2
        1      1     1       12  yes
DIGIT_SUMMARY runtime=netkit model=cnn_dw_int8 image=1 label=1 pred=1 pred_i8=12 ok=1 out_i8=-5,12,-6,-10,-2,-3,-5,1,-4,-8
        2      2     2       21  yes
DIGIT_SUMMARY runtime=netkit model=cnn_dw_int8 image=2 label=2 pred=2 pred_i8=21 ok=1 out_i8=1,1,21,-5,-4,-13,-3,-7,-3,-6
        3      3     3        5  yes
DIGIT_SUMMARY runtime=netkit model=cnn_dw_int8 image=3 label=3 pred=3 pred_i8=5 ok=1 out_i8=-3,-6,0,5,-14,4,-4,-6,1,0
        4      4     4       19  yes
DIGIT_SUMMARY runtime=netkit model=cnn_dw_int8 image=4 label=4 pred=4 pred_i8=19 ok=1 out_i8=-10,-4,-2,-13,19,-9,-6,-6,2,4
        5      5     5       13  yes
DIGIT_SUMMARY runtime=netkit model=cnn_dw_int8 image=5 label=5 pred=5 pred_i8=13 ok=1 out_i8=-1,-10,-3,-8,-3,13,4,-10,4,2
        6      6     6       22  yes
DIGIT_SUMMARY runtime=netkit model=cnn_dw_int8 image=6 label=6 pred=6 pred_i8=22 ok=1 out_i8=5,-9,-6,-9,-4,0,22,-11,4,-5
        7      7     7       18  yes
DIGIT_SUMMARY runtime=netkit model=cnn_dw_int8 image=7 label=7 pred=7 pred_i8=18 ok=1 out_i8=-4,-3,-1,0,-6,-3,-20,18,-7,-1
        8      8     8       19  yes
DIGIT_SUMMARY runtime=netkit model=cnn_dw_int8 image=8 label=8 pred=8 pred_i8=19 ok=1 out_i8=-7,-16,8,-2,-5,-3,-8,-10,19,5
        9      9     9       19  yes
DIGIT_SUMMARY runtime=netkit model=cnn_dw_int8 image=9 label=9 pred=9 pred_i8=19 ok=1 out_i8=-11,-3,-1,-2,2,-4,-14,-10,5,19
  accuracy:    10/10 on final run

netkit MNIST cnn_dw int8 benchmark summary (esp-nn-int8)
  method:      10 runs x 10 images, discard first invoke each run
  per-run avg: avg of images 1-9 (us)

  mean:   40328 us (40.328 ms)
BENCHMARK_SUMMARY runtime=netkit model=cnn_dw_int8 backend=esp-nn-int8 mean_us=40328 runs=10

DONE
I (4596) main_task: Returned from app_main()
