ESP-ROM:esp32s3-20210327
Build:Mar 27 2021
rst:0x15 (USB_UART_CHIP_RESET),boot:0x8 (SPI_FAST_FLASH_BOOT)
Saved PC:0x4200bacc
SPIWP:0xee
Octal Flash Mode Enabled
For OPI Flash, Use Default Flash Boot Mode
mode:SLOW_RD, clock div:1
load:0x3fce2820,len:0x1564
load:0x403c8700,len:0x4
load:0x403c8704,len:0xc80
load:0x403cb700,len:0x2ee0
entry 0x403c890c
I (33) boot: ESP-IDF 5.4.2 2nd stage bootloader
I (33) boot: compile time Jul 23 2026 15:53:31
I (33) boot: Multicore bootloader
I (33) boot: chip revision: v0.2
I (34) boot: efuse block revision: v1.4
I (34) boot.esp32s3: Boot SPI Speed : 80MHz
I (34) boot.esp32s3: SPI Mode       : SLOW READ
I (34) boot.esp32s3: SPI Flash Size : 8MB
I (34) boot: Enabling RNG early entropy source...
I (34) boot: Partition Table:
I (35) boot: ## Label            Usage          Type ST Offset   Length
I (35) boot:  0 nvs              WiFi data        01 02 00009000 00006000
I (35) boot:  1 phy_init         RF data          01 01 0000f000 00001000
I (36) boot:  2 factory          factory app      00 00 00010000 00100000
I (36) boot: End of partition table
I (36) esp_image: segment 0: paddr=00010020 vaddr=3c030020 size=462b0h (287408) map
I (104) esp_image: segment 1: paddr=000562d8 vaddr=3fc91000 size=08e40h ( 36416) load
I (114) esp_image: segment 2: paddr=0005f120 vaddr=40374000 size=00ef8h (  3832) load
I (115) esp_image: segment 3: paddr=00060020 vaddr=42000020 size=22dc4h (142788) map
I (149) esp_image: segment 4: paddr=00082dec vaddr=40374ef8 size=0c024h ( 49188) load
I (163) esp_image: segment 5: paddr=0008ee18 vaddr=600fe000 size=0001ch (    28) load
I (170) boot: Loaded app from partition at offset 0x10000
I (170) boot: Disabling RNG early entropy source...
I (171) cpu_start: Multicore app
I (180) cpu_start: Pro cpu start user code
I (180) cpu_start: cpu freq: 240000000 Hz
I (180) app_init: Application information:
I (180) app_init: Project name:     mnist_cnn_int8_xiao_esp32s3
I (181) app_init: App version:      v0.1-137-gf4dbcf3a6
I (181) app_init: Compile time:     Jul 23 2026 15:53:13
I (181) app_init: ELF file SHA256:  8532d6aab...
I (181) app_init: ESP-IDF:          5.4.2
I (181) efuse_init: Min chip rev:     v0.0
I (181) efuse_init: Max chip rev:     v0.99 
I (181) efuse_init: Chip rev:         v0.2
I (182) heap_init: Initializing. RAM available for dynamic allocation:
I (182) heap_init: At 3FCB08A8 len 00038E68 (227 KiB): RAM
I (182) heap_init: At 3FCE9710 len 00005724 (21 KiB): RAM
I (182) heap_init: At 3FCF0000 len 00008000 (32 KiB): DRAM
I (182) heap_init: At 600FE01C len 00001FCC (7 KiB): RTCRAM
W (183) spi_flash: Octal flash chip is using but dio mode is selected, will automatically switch to Octal mode
I (183) spi_flash: detected chip: mxic (opi)
I (183) spi_flash: flash io: opi_str
W (183) spi_flash: Detected size(32768k) larger than the size in the binary image header(8192k). Using the size in the binary image header.
I (184) sleep_gpio: Configure to isolate all GPIO pins in sleep state
I (184) sleep_gpio: Enable automatic switching of GPIO sleep configuration
I (185) main_task: Started on CPU0
I (186) main_task: Calling app_main()

netkit XIAO ESP32S3 MNIST CNN int8 benchmark
  backend:     netkit reference (MCU ESP32S3, interpreter embed)
  weights:     flash (embedded .nk blob)
  dtype:       int8 end-to-end
  classify:    argmax(logits) — final Softmax omitted
  images:      10 per run
  runs:        10 (discard first invoke each run)
  arena bytes: 89536
  sysclk:      240000000 Hz
  model:       loaded
  probe:       label=0 pred=0 pred_i8=25 out_i8=25,-15,0,-9,-10,-8,1,-4,-2,0

  per-digit results (final run):
    image  label  pred  pred_i8  ok
        0      0     0       25  yes
DIGIT_SUMMARY runtime=netkit model=cnn_int8 image=0 label=0 pred=0 pred_i8=25 ok=1 out_i8=25,-15,0,-9,-10,-8,1,-4,-2,0
        1      1     1       16  yes
DIGIT_SUMMARY runtime=netkit model=cnn_int8 image=1 label=1 pred=1 pred_i8=16 ok=1 out_i8=-3,16,-5,-19,1,-7,-6,-5,-3,-11
        2      2     2       31  yes
DIGIT_SUMMARY runtime=netkit model=cnn_int8 image=2 label=2 pred=2 pred_i8=31 ok=1 out_i8=2,-1,31,-17,-13,-25,2,-11,3,-6
        3      3     3       14  yes
DIGIT_SUMMARY runtime=netkit model=cnn_int8 image=3 label=3 pred=3 pred_i8=14 ok=1 out_i8=-16,-11,-5,14,-24,10,-17,-9,3,-5
        4      4     4       21  yes
DIGIT_SUMMARY runtime=netkit model=cnn_int8 image=4 label=4 pred=4 pred_i8=21 ok=1 out_i8=-6,-13,-6,-13,21,-10,-19,-9,-4,6
        5      5     5       20  yes
DIGIT_SUMMARY runtime=netkit model=cnn_int8 image=5 label=5 pred=5 pred_i8=20 ok=1 out_i8=-5,-20,-13,-23,-22,20,8,-7,5,-4
        6      6     6       32  yes
DIGIT_SUMMARY runtime=netkit model=cnn_int8 image=6 label=6 pred=6 pred_i8=32 ok=1 out_i8=6,-22,-9,-16,-13,5,32,-10,-2,-15
        7      7     7       18  yes
DIGIT_SUMMARY runtime=netkit model=cnn_int8 image=7 label=7 pred=7 pred_i8=18 ok=1 out_i8=-6,-9,-6,-3,-2,-10,-23,18,0,1
        8      8     8       33  yes
DIGIT_SUMMARY runtime=netkit model=cnn_int8 image=8 label=8 pred=8 pred_i8=33 ok=1 out_i8=-11,-20,3,-19,-8,-5,-19,-20,33,1
        9      9     9       21  yes
DIGIT_SUMMARY runtime=netkit model=cnn_int8 image=9 label=9 pred=9 pred_i8=21 ok=1 out_i8=-12,-14,-5,-14,0,-3,-27,-13,6,21
  accuracy:    10/10 on final run

netkit MNIST cnn int8 benchmark summary (reference-int8)
  method:      10 runs x 10 images, discard first invoke each run
  per-run avg: avg of images 1-9 (us)

  mean:   112069 us (112.069 ms)
BENCHMARK_SUMMARY runtime=netkit model=cnn_int8 backend=reference-int8 mean_us=112069 runs=10

DONE
I (11525) main_task: Returned from app_main()
