ESP-ROM:esp32s3-20210327
Build:Mar 27 2021
rst:0x15 (USB_UART_CHIP_RESET),boot:0x8 (SPI_FAST_FLASH_BOOT)
Saved PC:0x42002e6c
SPIWP:0xee
Octal Flash Mode Enabled
For OPI Flash, Use Default Flash Boot Mode
mode:SLOW_RD, clock div:1
load:0x3fce2820,len:0x1564
load:0x403c8700,len:0x4
load:0x403c8704,len:0xc80
load:0x403cb700,len:0x2ee0
entry 0x403c890c
I (33) boot: ESP-IDF 5.4.2 2nd stage bootloader
I (33) boot: compile time Jul 23 2026 16:23:51
I (33) boot: Multicore bootloader
I (33) boot: chip revision: v0.2
I (34) boot: efuse block revision: v1.4
I (34) boot.esp32s3: Boot SPI Speed : 80MHz
I (34) boot.esp32s3: SPI Mode       : SLOW READ
I (34) boot.esp32s3: SPI Flash Size : 8MB
I (34) boot: Enabling RNG early entropy source...
I (35) boot: Partition Table:
I (35) boot: ## Label            Usage          Type ST Offset   Length
I (35) boot:  0 nvs              WiFi data        01 02 00009000 00006000
I (35) boot:  1 phy_init         RF data          01 01 0000f000 00001000
I (36) boot:  2 factory          factory app      00 00 00010000 00100000
I (36) boot: End of partition table
I (36) esp_image: segment 0: paddr=00010020 vaddr=3c030020 size=45588h (284040) map
I (103) esp_image: segment 1: paddr=000555b0 vaddr=3fc91000 size=027e0h ( 10208) load
I (106) esp_image: segment 2: paddr=00057d98 vaddr=40374000 size=08280h ( 33408) load
I (116) esp_image: segment 3: paddr=00060020 vaddr=42000020 size=2123ch (135740) map
I (148) esp_image: segment 4: paddr=00081264 vaddr=4037c280 size=04c9ch ( 19612) load
I (154) esp_image: segment 5: paddr=00085f08 vaddr=600fe000 size=0001ch (    28) load
I (159) boot: Loaded app from partition at offset 0x10000
I (159) boot: Disabling RNG early entropy source...
I (161) cpu_start: Multicore app
I (170) cpu_start: Pro cpu start user code
I (170) cpu_start: cpu freq: 240000000 Hz
I (170) app_init: Application information:
I (170) app_init: Project name:     mnist_cnn_dw_int8_tflm_xiao_esp
I (170) app_init: App version:      v0.1-137-gf4dbcf3a6-dirty
I (170) app_init: Compile time:     Jul 23 2026 16:23:33
I (170) app_init: ELF file SHA256:  b82b1cbd6...
I (171) app_init: ESP-IDF:          5.4.2
I (171) efuse_init: Min chip rev:     v0.0
I (171) efuse_init: Max chip rev:     v0.99 
I (171) efuse_init: Chip rev:         v0.2
I (171) heap_init: Initializing. RAM available for dynamic allocation:
I (171) heap_init: At 3FCAC088 len 0003D688 (245 KiB): RAM
I (172) heap_init: At 3FCE9710 len 00005724 (21 KiB): RAM
I (172) heap_init: At 3FCF0000 len 00008000 (32 KiB): DRAM
I (172) heap_init: At 600FE01C len 00001FCC (7 KiB): RTCRAM
W (172) spi_flash: Octal flash chip is using but dio mode is selected, will automatically switch to Octal mode
I (173) spi_flash: detected chip: mxic (opi)
I (173) spi_flash: flash io: opi_str
W (173) spi_flash: Detected size(32768k) larger than the size in the binary image header(8192k). Using the size in the binary image header.
I (173) sleep_gpio: Configure to isolate all GPIO pins in sleep state
I (174) sleep_gpio: Enable automatic switching of GPIO sleep configuration
I (174) main_task: Started on CPU0
I (175) main_task: Calling app_main()

TFLM XIAO ESP32S3 MNIST DS-CNN int8 benchmark
  backend:     tflm reference int8 (MCU ESP32S3)
  model bytes: 222904
  input type:  int8 (prequantized test vectors)
  output type: int8
  images:      10 per run
  runs:        10 (discard first invoke each run)
  arena bytes: 98304
  sysclk:      240000000 Hz
  probe:       label=0 pred=0 pred_i8=127 out_i8=127,-128,-128,-128,-128,-128,-128,-128,-128,-128

  per-digit results (final run):
    image  label  pred  pred_i8  ok
        0      0     0      127  yes
DIGIT_SUMMARY runtime=tflm model=cnn_dw_int8 image=0 label=0 pred=0 pred_i8=127 ok=1 out_i8=127,-128,-128,-128,-128,-128,-128,-128,-128,-128
        1      1     1      127  yes
DIGIT_SUMMARY runtime=tflm model=cnn_dw_int8 image=1 label=1 pred=1 pred_i8=127 ok=1 out_i8=-128,127,-128,-128,-128,-128,-128,-128,-128,-128
        2      2     2      127  yes
DIGIT_SUMMARY runtime=tflm model=cnn_dw_int8 image=2 label=2 pred=2 pred_i8=127 ok=1 out_i8=-128,-128,127,-128,-128,-128,-128,-128,-128,-128
        3      3     3       77  yes
DIGIT_SUMMARY runtime=tflm model=cnn_dw_int8 image=3 label=3 pred=3 pred_i8=77 ok=1 out_i8=-128,-128,-127,77,-128,-82,-128,-128,-125,-127
        4      4     4      127  yes
DIGIT_SUMMARY runtime=tflm model=cnn_dw_int8 image=4 label=4 pred=4 pred_i8=127 ok=1 out_i8=-128,-128,-128,-128,127,-128,-128,-128,-128,-128
        5      5     5      127  yes
DIGIT_SUMMARY runtime=tflm model=cnn_dw_int8 image=5 label=5 pred=5 pred_i8=127 ok=1 out_i8=-128,-128,-128,-128,-128,127,-128,-128,-128,-128
        6      6     6      127  yes
DIGIT_SUMMARY runtime=tflm model=cnn_dw_int8 image=6 label=6 pred=6 pred_i8=127 ok=1 out_i8=-128,-128,-128,-128,-128,-128,127,-128,-128,-128
        7      7     7      127  yes
DIGIT_SUMMARY runtime=tflm model=cnn_dw_int8 image=7 label=7 pred=7 pred_i8=127 ok=1 out_i8=-128,-128,-128,-128,-128,-128,-128,127,-128,-128
        8      8     8      127  yes
DIGIT_SUMMARY runtime=tflm model=cnn_dw_int8 image=8 label=8 pred=8 pred_i8=127 ok=1 out_i8=-128,-128,-128,-128,-128,-128,-128,-128,127,-128
        9      9     9      127  yes
DIGIT_SUMMARY runtime=tflm model=cnn_dw_int8 image=9 label=9 pred=9 pred_i8=127 ok=1 out_i8=-128,-128,-128,-128,-128,-128,-128,-128,-128,127
  accuracy:    10/10 on final run

TFLM MNIST cnn_dw int8 benchmark summary (reference)
  method:      10 runs x 10 images, discard first invoke each run
  per-run avg: avg of images 1-9 (us)

  mean:   362838 us (362.838 ms)
BENCHMARK_SUMMARY runtime=tflm model=cnn_dw_int8 backend=reference mean_us=362838 runs=10

DONE
I (36835) main_task: Returned from app_main()
